// Jest Snapshot v1, https://goo.gl/fbAQLP

exports[`BusinessCardModal snapshots should match snapshot for QuickInfo view 1`] = `
<RNCSafeAreaProvider
  onInsetsChange={[Function]}
  style={
    [
      {
        "flex": 1,
      },
      undefined,
    ]
  }
>
  <Modal
    animationType="fade"
    onRequestClose={[Function]}
    transparent={true}
    visible={true}
  >
    <View
      accessibilityState={
        {
          "busy": undefined,
          "checked": undefined,
          "disabled": undefined,
          "expanded": undefined,
          "selected": undefined,
        }
      }
      accessibilityValue={
        {
          "max": undefined,
          "min": undefined,
          "now": undefined,
          "text": undefined,
        }
      }
      accessible={true}
      collapsable={false}
      focusable={true}
      onBlur={[Function]}
      onClick={[Function]}
      onFocus={[Function]}
      onResponderGrant={[Function]}
      onResponderMove={[Function]}
      onResponderRelease={[Function]}
      onResponderTerminate={[Function]}
      onResponderTerminationRequest={[Function]}
      onStartShouldSetResponder={[Function]}
      style={
        {
          "backgroundColor": "rgba(0,0,0,0.5)",
          "flex": 1,
        }
      }
      testID="modal-backdrop"
    >
      <View
        style={
          {
            "alignItems": "center",
            "flex": 1,
            "justifyContent": "center",
            "paddingHorizontal": 12,
          }
        }
      >
        <View
          accessibilityState={
            {
              "busy": undefined,
              "checked": undefined,
              "disabled": undefined,
              "expanded": undefined,
              "selected": undefined,
            }
          }
          accessibilityValue={
            {
              "max": undefined,
              "min": undefined,
              "now": undefined,
              "text": undefined,
            }
          }
          accessible={true}
          collapsable={false}
          focusable={true}
          onBlur={[Function]}
          onClick={[Function]}
          onFocus={[Function]}
          onResponderGrant={[Function]}
          onResponderMove={[Function]}
          onResponderRelease={[Function]}
          onResponderTerminate={[Function]}
          onResponderTerminationRequest={[Function]}
          onStartShouldSetResponder={[Function]}
        >
          <View
            style={
              {
                "maxWidth": 700,
                "width": 700,
              }
            }
          >
            <View
              accessibilityHint="Flip card to see more details"
              accessibilityRole="button"
              accessible={true}
              collapsable={false}
              jestAnimatedProps={
                {
                  "value": {},
                }
              }
              jestAnimatedStyle={
                {
                  "value": {},
                }
              }
              jestInlineStyle={
                [
                  {
                    "position": "relative",
                  },
                  {},
                ]
              }
              nativeID="16"
              style={
                [
                  {
                    "position": "relative",
                  },
                  {},
                ]
              }
            >
              <View
                collapsable={false}
                jestAnimatedProps={
                  {
                    "value": {},
                  }
                }
                jestAnimatedStyle={
                  {
                    "value": {
                      "backfaceVisibility": "hidden",
                      "opacity": 1,
                      "pointerEvents": "auto",
                      "transform": [
                        {
                          "perspective": 1000,
                        },
                        {
                          "rotateY": "0deg",
                        },
                      ],
                    },
                  }
                }
                jestInlineStyle={
                  [
                    {
                      "height": "100%",
                      "position": "absolute",
                      "width": "100%",
                    },
                  ]
                }
                nativeID="17"
                style={
                  [
                    {
                      "height": "100%",
                      "position": "absolute",
                      "width": "100%",
                    },
                    {
                      "backfaceVisibility": "hidden",
                      "opacity": 1,
                      "pointerEvents": "auto",
                      "transform": [
                        {
                          "perspective": 1000,
                        },
                        {
                          "rotateY": "0deg",
                        },
                      ],
                    },
                  ]
                }
              >
                <View
                  style={
                    [
                      {
                        "backgroundColor": "#fff",
                        "borderColor": "rgba(0, 0, 0, 0.08)",
                        "borderRadius": 16,
                        "borderWidth": 1,
                        "elevation": 12,
                        "overflow": "hidden",
                        "shadowColor": "#000",
                        "shadowOffset": {
                          "height": 6,
                          "width": 0,
                        },
                        "shadowOpacity": 0.15,
                        "shadowRadius": 8,
                      },
                      {
                        "minHeight": 458,
                      },
                    ]
                  }
                >
                  <View
                    style={
                      {
                        "borderTopLeftRadius": 16,
                        "borderTopRightRadius": 16,
                        "overflow": "hidden",
                      }
                    }
                  >
                    <Image
                      resizeMode="cover"
                      source={
                        {
                          "uri": "https://example.com/image.jpg",
                        }
                      }
                      style={
                        {
                          "height": 338,
                          "width": 676,
                        }
                      }
                    />
                    <View
                      accessibilityLabel="Add to favorites"
                      accessibilityState={
                        {
                          "busy": undefined,
                          "checked": undefined,
                          "disabled": undefined,
                          "expanded": undefined,
                          "selected": undefined,
                        }
                      }
                      accessibilityValue={
                        {
                          "max": undefined,
                          "min": undefined,
                          "now": undefined,
                          "text": undefined,
                        }
                      }
                      accessible={true}
                      collapsable={false}
                      focusable={true}
                      onBlur={[Function]}
                      onClick={[Function]}
                      onFocus={[Function]}
                      onResponderGrant={[Function]}
                      onResponderMove={[Function]}
                      onResponderRelease={[Function]}
                      onResponderTerminate={[Function]}
                      onResponderTerminationRequest={[Function]}
                      onStartShouldSetResponder={[Function]}
                      style={
                        {
                          "alignItems": "center",
                          "backgroundColor": "rgba(0,0,0,0.2)",
                          "borderRadius": 20,
                          "height": 40,
                          "justifyContent": "center",
                          "padding": 8,
                          "position": "absolute",
                          "right": 8,
                          "top": 8,
                          "width": 40,
                        }
                      }
                    >
                      <Text
                        allowFontScaling={false}
                        selectable={false}
                        style={
                          [
                            {
                              "color": "#fff",
                              "fontSize": 24,
                            },
                            {
                              "textShadowColor": "#000",
                              "textShadowOffset": {
                                "height": 0,
                                "width": 0,
                              },
                              "textShadowRadius": 4,
                            },
                            {
                              "fontFamily": "ionicons",
                              "fontStyle": "normal",
                              "fontWeight": "normal",
                            },
                            {},
                          ]
                        }
                      >
                        
                      </Text>
                    </View>
                  </View>
                  <View
                    style={
                      {
                        "backgroundColor": "#fff",
                        "paddingBottom": 16,
                        "paddingHorizontal": 16,
                        "paddingVertical": 6,
                      }
                    }
                  >
                    <View
                      style={
                        {
                          "alignItems": "center",
                          "flexDirection": "row",
                          "justifyContent": "space-between",
                        }
                      }
                    >
                      <Text
                        numberOfLines={2}
                        style={
                          {
                            "color": "#000",
                            "flex": 1,
                            "fontFamily": "WorkSans-SemiBold",
                            "fontSize": 22,
                            "fontWeight": "bold",
                            "paddingBottom": 6,
                            "paddingRight": 8,
                          }
                        }
                      >
                        Test Restaurant
                      </Text>
                      <Text
                        style={
                          {
                            "fontFamily": "WorkSans-SemiBold",
                            "fontSize": 22,
                          }
                        }
                      >
                        $$
                      </Text>
                    </View>
                    <View
                      style={
                        {
                          "flexDirection": "row",
                        }
                      }
                    >
                      <Text
                        numberOfLines={1}
                        style={
                          {
                            "color": "rgba(128,128,128, 0.80)",
                            "flex": 1,
                            "fontFamily": "WorkSans-Regular",
                            "paddingRight": 4,
                          }
                        }
                      >
                        Italian, Pizza
                         • 
                      </Text>
                    </View>
                    <View
                      style={
                        {
                          "flexDirection": "row",
                          "marginTop": 4,
                        }
                      }
                    >
                      <View
                        style={
                          {
                            "display": "flex",
                            "flexDirection": "row",
                          }
                        }
                      >
                        <Text
                          allowFontScaling={false}
                          selectable={false}
                          style={
                            [
                              {
                                "color": undefined,
                                "fontSize": 20,
                              },
                              {
                                "color": "#ffb300",
                              },
                              {
                                "fontFamily": "material",
                                "fontStyle": "normal",
                                "fontWeight": "normal",
                              },
                              {},
                            ]
                          }
                        >
                          
                        </Text>
                        <Text
                          allowFontScaling={false}
                          selectable={false}
                          style={
                            [
                              {
                                "color": undefined,
                                "fontSize": 20,
                              },
                              {
                                "color": "#ffb300",
                              },
                              {
                                "fontFamily": "material",
                                "fontStyle": "normal",
                                "fontWeight": "normal",
                              },
                              {},
                            ]
                          }
                        >
                          
                        </Text>
                        <Text
                          allowFontScaling={false}
                          selectable={false}
                          style={
                            [
                              {
                                "color": undefined,
                                "fontSize": 20,
                              },
                              {
                                "color": "#ffb300",
                              },
                              {
                                "fontFamily": "material",
                                "fontStyle": "normal",
                                "fontWeight": "normal",
                              },
                              {},
                            ]
                          }
                        >
                          
                        </Text>
                        <Text
                          allowFontScaling={false}
                          selectable={false}
                          style={
                            [
                              {
                                "color": undefined,
                                "fontSize": 20,
                              },
                              {
                                "color": "#ffb300",
                              },
                              {
                                "fontFamily": "material",
                                "fontStyle": "normal",
                                "fontWeight": "normal",
                              },
                              {},
                            ]
                          }
                        >
                          
                        </Text>
                        <Text
                          allowFontScaling={false}
                          selectable={false}
                          style={
                            [
                              {
                                "color": undefined,
                                "fontSize": 20,
                              },
                              {
                                "color": "#ffb300",
                              },
                              {
                                "fontFamily": "material",
                                "fontStyle": "normal",
                                "fontWeight": "normal",
                              },
                              {},
                            ]
                          }
                        >
                          
                        </Text>
                      </View>
                      <Text
                        style={
                          {
                            "color": "rgba(128,128,128, 0.80)",
                            "fontFamily": "WorkSans-Regular",
                            "marginLeft": 8,
                          }
                        }
                      >
                        128
                         Reviews
                      </Text>
                    </View>
                  </View>
                  <View
                    accessibilityLabel="View details"
                    accessibilityState={
                      {
                        "busy": undefined,
                        "checked": undefined,
                        "disabled": undefined,
                        "expanded": undefined,
                        "selected": undefined,
                      }
                    }
                    accessibilityValue={
                      {
                        "max": undefined,
                        "min": undefined,
                        "now": undefined,
                        "text": undefined,
                      }
                    }
                    accessible={true}
                    collapsable={false}
                    focusable={true}
                    onBlur={[Function]}
                    onClick={[Function]}
                    onFocus={[Function]}
                    onResponderGrant={[Function]}
                    onResponderMove={[Function]}
                    onResponderRelease={[Function]}
                    onResponderTerminate={[Function]}
                    onResponderTerminationRequest={[Function]}
                    onStartShouldSetResponder={[Function]}
                    style={
                      {
                        "alignItems": "center",
                        "backgroundColor": "transparent",
                        "borderRadius": 24,
                        "bottom": 12,
                        "height": 48,
                        "justifyContent": "center",
                        "position": "absolute",
                        "right": 12,
                        "width": 48,
                      }
                    }
                  >
                    <Text
                      allowFontScaling={false}
                      selectable={false}
                      style={
                        [
                          {
                            "color": "rgba(51,178,73,1)",
                            "fontSize": 28,
                          },
                          undefined,
                          {
                            "fontFamily": "material",
                            "fontStyle": "normal",
                            "fontWeight": "normal",
                          },
                          {},
                        ]
                      }
                    >
                      
                    </Text>
                  </View>
                </View>
              </View>
              <View
                collapsable={false}
                jestAnimatedProps={
                  {
                    "value": {},
                  }
                }
                jestAnimatedStyle={
                  {
                    "value": {
                      "backfaceVisibility": "hidden",
                      "opacity": 0,
                      "pointerEvents": "none",
                      "transform": [
                        {
                          "perspective": 1000,
                        },
                        {
                          "rotateY": "180deg",
                        },
                      ],
                    },
                  }
                }
                jestInlineStyle={
                  [
                    {
                      "height": "100%",
                      "position": "absolute",
                      "width": "100%",
                    },
                  ]
                }
                nativeID="18"
                style={
                  [
                    {
                      "height": "100%",
                      "position": "absolute",
                      "width": "100%",
                    },
                    {
                      "backfaceVisibility": "hidden",
                      "opacity": 0,
                      "pointerEvents": "none",
                      "transform": [
                        {
                          "perspective": 1000,
                        },
                        {
                          "rotateY": "180deg",
                        },
                      ],
                    },
                  ]
                }
              >
                <View
                  style={
                    {
                      "backgroundColor": "#fff",
                      "borderColor": "rgba(0, 0, 0, 0.08)",
                      "borderRadius": 16,
                      "borderWidth": 1,
                      "elevation": 12,
                      "overflow": "hidden",
                      "shadowColor": "#000",
                      "shadowOffset": {
                        "height": 6,
                        "width": 0,
                      },
                      "shadowOpacity": 0.15,
                      "shadowRadius": 8,
                    }
                  }
                >
                  <View
                    style={
                      {
                        "alignItems": "center",
                        "backgroundColor": "rgba(51,178,73,1)",
                        "flexDirection": "row",
                        "justifyContent": "space-between",
                        "paddingHorizontal": 16,
                        "paddingVertical": 12,
                      }
                    }
                  >
                    <Text
                      numberOfLines={2}
                      style={
                        {
                          "color": "#fff",
                          "flex": 1,
                          "fontFamily": "WorkSans-SemiBold",
                          "fontSize": 20,
                          "fontWeight": "bold",
                          "marginRight": 8,
                        }
                      }
                    >
                      Test Restaurant
                    </Text>
                    <Text
                      style={
                        {
                          "color": "#71C562",
                          "fontSize": 18,
                          "fontWeight": "bold",
                          "textShadowColor": "#000",
                          "textShadowOffset": {
                            "height": 0,
                            "width": 0,
                          },
                          "textShadowRadius": 6,
                        }
                      }
                    >
                      Open
                    </Text>
                  </View>
                  <View
                    style={
                      {
                        "paddingBottom": 4,
                        "paddingHorizontal": 16,
                        "paddingTop": 8,
                      }
                    }
                  >
                    <Text
                      style={
                        {
                          "color": "#000",
                          "fontFamily": "WorkSans-Medium",
                          "fontSize": 14,
                        }
                      }
                    >
                      $$ • 0.3 mi • Open Now
                    </Text>
                  </View>
                  <View
                    style={
                      {
                        "alignItems": "center",
                        "flexDirection": "row",
                        "paddingHorizontal": 16,
                        "paddingTop": 2,
                      }
                    }
                  >
                    <View
                      style={
                        {
                          "display": "flex",
                          "flexDirection": "row",
                        }
                      }
                    >
                      <Text
                        allowFontScaling={false}
                        selectable={false}
                        style={
                          [
                            {
                              "color": undefined,
                              "fontSize": 20,
                            },
                            {
                              "color": "#ffb300",
                            },
                            {
                              "fontFamily": "material",
                              "fontStyle": "normal",
                              "fontWeight": "normal",
                            },
                            {},
                          ]
                        }
                      >
                        
                      </Text>
                      <Text
                        allowFontScaling={false}
                        selectable={false}
                        style={
                          [
                            {
                              "color": undefined,
                              "fontSize": 20,
                            },
                            {
                              "color": "#ffb300",
                            },
                            {
                              "fontFamily": "material",
                              "fontStyle": "normal",
                              "fontWeight": "normal",
                            },
                            {},
                          ]
                        }
                      >
                        
                      </Text>
                      <Text
                        allowFontScaling={false}
                        selectable={false}
                        style={
                          [
                            {
                              "color": undefined,
                              "fontSize": 20,
                            },
                            {
                              "color": "#ffb300",
                            },
                            {
                              "fontFamily": "material",
                              "fontStyle": "normal",
                              "fontWeight": "normal",
                            },
                            {},
                          ]
                        }
                      >
                        
                      </Text>
                      <Text
                        allowFontScaling={false}
                        selectable={false}
                        style={
                          [
                            {
                              "color": undefined,
                              "fontSize": 20,
                            },
                            {
                              "color": "#ffb300",
                            },
                            {
                              "fontFamily": "material",
                              "fontStyle": "normal",
                              "fontWeight": "normal",
                            },
                            {},
                          ]
                        }
                      >
                        
                      </Text>
                      <Text
                        allowFontScaling={false}
                        selectable={false}
                        style={
                          [
                            {
                              "color": undefined,
                              "fontSize": 20,
                            },
                            {
                              "color": "#ffb300",
                            },
                            {
                              "fontFamily": "material",
                              "fontStyle": "normal",
                              "fontWeight": "normal",
                            },
                            {},
                          ]
                        }
                      >
                        
                      </Text>
                    </View>
                    <Text
                      style={
                        {
                          "color": "rgba(128,128,128, 0.80)",
                          "fontFamily": "WorkSans-Regular",
                          "marginLeft": 8,
                        }
                      }
                    >
                      128
                       Review
                      s
                    </Text>
                  </View>
                  <View
                    style={
                      {
                        "paddingHorizontal": 16,
                        "paddingVertical": 6,
                      }
                    }
                  >
                    <Text
                      style={
                        {
                          "color": "rgba(128,128,128, 0.80)",
                          "fontFamily": "WorkSans-Regular",
                          "fontSize": 15,
                          "lineHeight": 20,
                          "marginBottom": 6,
                        }
                      }
                    >
                      <Text
                        allowFontScaling={false}
                        selectable={false}
                        style={
                          [
                            {
                              "color": "rgba(51,178,73,1)",
                              "fontSize": 16,
                            },
                            undefined,
                            {
                              "fontFamily": "material",
                              "fontStyle": "normal",
                              "fontWeight": "normal",
                            },
                            {},
                          ]
                        }
                      >
                        
                      </Text>
                       
                      123 Main St, Columbus, OH 43215
                    </Text>
                    <Text
                      style={
                        {
                          "color": "rgba(128,128,128, 0.80)",
                          "fontFamily": "WorkSans-Regular",
                          "fontSize": 15,
                          "lineHeight": 20,
                          "marginBottom": 6,
                        }
                      }
                    >
                      <Text
                        allowFontScaling={false}
                        selectable={false}
                        style={
                          [
                            {
                              "color": "rgba(51,178,73,1)",
                              "fontSize": 16,
                            },
                            undefined,
                            {
                              "fontFamily": "material",
                              "fontStyle": "normal",
                              "fontWeight": "normal",
                            },
                            {},
                          ]
                        }
                      >
                        
                      </Text>
                       
                      (555) 123-4567
                    </Text>
                    <Text
                      style={
                        {
                          "color": "rgba(128,128,128, 0.80)",
                          "fontFamily": "WorkSans-Regular",
                          "fontSize": 15,
                          "lineHeight": 20,
                          "marginBottom": 6,
                        }
                      }
                    >
                      <Text
                        allowFontScaling={false}
                        selectable={false}
                        style={
                          [
                            {
                              "color": "rgba(51,178,73,1)",
                              "fontSize": 16,
                            },
                            undefined,
                            {
                              "fontFamily": "material",
                              "fontStyle": "normal",
                              "fontWeight": "normal",
                            },
                            {},
                          ]
                        }
                      >
                        
                      </Text>
                       
                      Italian, Pizza
                    </Text>
                  </View>
                  <View
                    style={
                      {
                        "flex": 1,
                      }
                    }
                  />
                  <View
                    style={
                      {
                        "alignItems": "center",
                        "flexDirection": "row",
                        "gap": 8,
                        "justifyContent": "flex-start",
                        "paddingBottom": 20,
                        "paddingHorizontal": 16,
                        "paddingTop": 8,
                      }
                    }
                  >
                    <View
                      accessibilityState={
                        {
                          "busy": undefined,
                          "checked": undefined,
                          "disabled": undefined,
                          "expanded": undefined,
                          "selected": undefined,
                        }
                      }
                      accessibilityValue={
                        {
                          "max": undefined,
                          "min": undefined,
                          "now": undefined,
                          "text": undefined,
                        }
                      }
                      accessible={true}
                      collapsable={false}
                      focusable={true}
                      onBlur={[Function]}
                      onClick={[Function]}
                      onFocus={[Function]}
                      onResponderGrant={[Function]}
                      onResponderMove={[Function]}
                      onResponderRelease={[Function]}
                      onResponderTerminate={[Function]}
                      onResponderTerminationRequest={[Function]}
                      onStartShouldSetResponder={[Function]}
                      style={
                        [
                          {
                            "alignItems": "center",
                            "backgroundColor": "rgba(255, 255, 255, 0.9)",
                            "borderRadius": 20,
                            "elevation": 3,
                            "flexDirection": "row",
                            "fontSize": 30,
                            "padding": 16,
                            "paddingHorizontal": 12,
                            "paddingVertical": 8,
                            "shadowColor": "#333",
                            "shadowOffset": {
                              "height": 4,
                              "width": 0,
                            },
                            "shadowOpacity": 0.2,
                            "shadowRadius": 3,
                          },
                          {
                            "opacity": 1,
                          },
                        ]
                      }
                    >
                      <Text
                        allowFontScaling={false}
                        selectable={false}
                        style={
                          [
                            {
                              "color": "rgba(51,178,73,1)",
                              "fontSize": 20,
                            },
                            undefined,
                            {
                              "fontFamily": "material",
                              "fontStyle": "normal",
                              "fontWeight": "normal",
                            },
                            {},
                          ]
                        }
                      >
                        
                      </Text>
                      <Text
                        style={
                          {
                            "color": "#000",
                            "fontFamily": "WorkSans-Medium",
                            "fontSize": 14,
                            "marginLeft": 6,
                          }
                        }
                      >
                        Maps
                      </Text>
                    </View>
                    <View
                      accessibilityState={
                        {
                          "busy": undefined,
                          "checked": undefined,
                          "disabled": undefined,
                          "expanded": undefined,
                          "selected": undefined,
                        }
                      }
                      accessibilityValue={
                        {
                          "max": undefined,
                          "min": undefined,
                          "now": undefined,
                          "text": undefined,
                        }
                      }
                      accessible={true}
                      collapsable={false}
                      focusable={true}
                      onBlur={[Function]}
                      onClick={[Function]}
                      onFocus={[Function]}
                      onResponderGrant={[Function]}
                      onResponderMove={[Function]}
                      onResponderRelease={[Function]}
                      onResponderTerminate={[Function]}
                      onResponderTerminationRequest={[Function]}
                      onStartShouldSetResponder={[Function]}
                      style={
                        [
                          {
                            "alignItems": "center",
                            "backgroundColor": "rgba(255, 255, 255, 0.9)",
                            "borderRadius": 20,
                            "elevation": 3,
                            "flexDirection": "row",
                            "fontSize": 30,
                            "padding": 16,
                            "paddingHorizontal": 12,
                            "paddingVertical": 8,
                            "shadowColor": "#333",
                            "shadowOffset": {
                              "height": 4,
                              "width": 0,
                            },
                            "shadowOpacity": 0.2,
                            "shadowRadius": 3,
                          },
                          {
                            "opacity": 1,
                          },
                        ]
                      }
                    >
                      <Text
                        allowFontScaling={false}
                        selectable={false}
                        style={
                          [
                            {
                              "color": "#c41200",
                              "fontSize": 20,
                            },
                            undefined,
                            {
                              "fontFamily": "FontAwesome",
                              "fontStyle": "normal",
                              "fontWeight": "normal",
                            },
                            {},
                          ]
                        }
                      >
                        
                      </Text>
                      <Text
                        style={
                          {
                            "color": "#000",
                            "fontFamily": "WorkSans-Medium",
                            "fontSize": 14,
                            "marginLeft": 6,
                          }
                        }
                      >
                        Yelp
                      </Text>
                    </View>
                    <View
                      accessibilityState={
                        {
                          "busy": undefined,
                          "checked": undefined,
                          "disabled": undefined,
                          "expanded": undefined,
                          "selected": undefined,
                        }
                      }
                      accessibilityValue={
                        {
                          "max": undefined,
                          "min": undefined,
                          "now": undefined,
                          "text": undefined,
                        }
                      }
                      accessible={true}
                      collapsable={false}
                      focusable={true}
                      onBlur={[Function]}
                      onClick={[Function]}
                      onFocus={[Function]}
                      onResponderGrant={[Function]}
                      onResponderMove={[Function]}
                      onResponderRelease={[Function]}
                      onResponderTerminate={[Function]}
                      onResponderTerminationRequest={[Function]}
                      onStartShouldSetResponder={[Function]}
                      style={
                        [
                          {
                            "alignItems": "center",
                            "backgroundColor": "rgba(255, 255, 255, 0.9)",
                            "borderRadius": 20,
                            "elevation": 3,
                            "flexDirection": "row",
                            "fontSize": 30,
                            "padding": 16,
                            "paddingHorizontal": 12,
                            "paddingVertical": 8,
                            "shadowColor": "#333",
                            "shadowOffset": {
                              "height": 4,
                              "width": 0,
                            },
                            "shadowOpacity": 0.2,
                            "shadowRadius": 3,
                          },
                          {
                            "opacity": 1,
                          },
                        ]
                      }
                    >
                      <Text
                        allowFontScaling={false}
                        selectable={false}
                        style={
                          [
                            {
                              "color": "#71C562",
                              "fontSize": 20,
                            },
                            undefined,
                            {
                              "fontFamily": "material",
                              "fontStyle": "normal",
                              "fontWeight": "normal",
                            },
                            {},
                          ]
                        }
                      >
                        
                      </Text>
                      <Text
                        style={
                          {
                            "color": "#000",
                            "fontFamily": "WorkSans-Medium",
                            "fontSize": 14,
                            "marginLeft": 6,
                          }
                        }
                      >
                        Call
                      </Text>
                    </View>
                    <View
                      accessibilityLabel="Close details"
                      accessibilityState={
                        {
                          "busy": undefined,
                          "checked": undefined,
                          "disabled": undefined,
                          "expanded": undefined,
                          "selected": undefined,
                        }
                      }
                      accessibilityValue={
                        {
                          "max": undefined,
                          "min": undefined,
                          "now": undefined,
                          "text": undefined,
                        }
                      }
                      accessible={true}
                      collapsable={false}
                      focusable={true}
                      onBlur={[Function]}
                      onClick={[Function]}
                      onFocus={[Function]}
                      onResponderGrant={[Function]}
                      onResponderMove={[Function]}
                      onResponderRelease={[Function]}
                      onResponderTerminate={[Function]}
                      onResponderTerminationRequest={[Function]}
                      onStartShouldSetResponder={[Function]}
                      style={
                        {
                          "alignItems": "center",
                          "backgroundColor": "transparent",
                          "borderRadius": 24,
                          "height": 48,
                          "justifyContent": "center",
                          "marginLeft": "auto",
                          "width": 48,
                        }
                      }
                    >
                      <Text
                        allowFontScaling={false}
                        selectable={false}
                        style={
                          [
                            {
                              "color": "rgba(51,178,73,1)",
                              "fontSize": 28,
                            },
                            undefined,
                            {
                              "fontFamily": "material",
                              "fontStyle": "normal",
                              "fontWeight": "normal",
                            },
                            {},
                          ]
                        }
                      >
                        
                      </Text>
                    </View>
                  </View>
                </View>
              </View>
              <View
                collapsable={false}
                jestAnimatedProps={
                  {
                    "value": {},
                  }
                }
                jestAnimatedStyle={
                  {
                    "value": {},
                  }
                }
                jestInlineStyle={
                  {
                    "opacity": 0,
                  }
                }
                nativeID="19"
                style={
                  [
                    {
                      "opacity": 0,
                    },
                  ]
                }
              >
                <View
                  style={
                    [
                      {
                        "backgroundColor": "#fff",
                        "borderColor": "rgba(0, 0, 0, 0.08)",
                        "borderRadius": 16,
                        "borderWidth": 1,
                        "elevation": 12,
                        "overflow": "hidden",
                        "shadowColor": "#000",
                        "shadowOffset": {
                          "height": 6,
                          "width": 0,
                        },
                        "shadowOpacity": 0.15,
                        "shadowRadius": 8,
                      },
                      {
                        "minHeight": 458,
                      },
                    ]
                  }
                >
                  <View
                    style={
                      {
                        "borderTopLeftRadius": 16,
                        "borderTopRightRadius": 16,
                        "overflow": "hidden",
                      }
                    }
                  >
                    <Image
                      resizeMode="cover"
                      source={
                        {
                          "uri": "https://example.com/image.jpg",
                        }
                      }
                      style={
                        {
                          "height": 338,
                          "width": 676,
                        }
                      }
                    />
                    <View
                      accessibilityLabel="Add to favorites"
                      accessibilityState={
                        {
                          "busy": undefined,
                          "checked": undefined,
                          "disabled": undefined,
                          "expanded": undefined,
                          "selected": undefined,
                        }
                      }
                      accessibilityValue={
                        {
                          "max": undefined,
                          "min": undefined,
                          "now": undefined,
                          "text": undefined,
                        }
                      }
                      accessible={true}
                      collapsable={false}
                      focusable={true}
                      onBlur={[Function]}
                      onClick={[Function]}
                      onFocus={[Function]}
                      onResponderGrant={[Function]}
                      onResponderMove={[Function]}
                      onResponderRelease={[Function]}
                      onResponderTerminate={[Function]}
                      onResponderTerminationRequest={[Function]}
                      onStartShouldSetResponder={[Function]}
                      style={
                        {
                          "alignItems": "center",
                          "backgroundColor": "rgba(0,0,0,0.2)",
                          "borderRadius": 20,
                          "height": 40,
                          "justifyContent": "center",
                          "padding": 8,
                          "position": "absolute",
                          "right": 8,
                          "top": 8,
                          "width": 40,
                        }
                      }
                    >
                      <Text
                        allowFontScaling={false}
                        selectable={false}
                        style={
                          [
                            {
                              "color": "#fff",
                              "fontSize": 24,
                            },
                            {
                              "textShadowColor": "#000",
                              "textShadowOffset": {
                                "height": 0,
                                "width": 0,
                              },
                              "textShadowRadius": 4,
                            },
                            {
                              "fontFamily": "ionicons",
                              "fontStyle": "normal",
                              "fontWeight": "normal",
                            },
                            {},
                          ]
                        }
                      >
                        
                      </Text>
                    </View>
                  </View>
                  <View
                    style={
                      {
                        "backgroundColor": "#fff",
                        "paddingBottom": 16,
                        "paddingHorizontal": 16,
                        "paddingVertical": 6,
                      }
                    }
                  >
                    <View
                      style={
                        {
                          "alignItems": "center",
                          "flexDirection": "row",
                          "justifyContent": "space-between",
                        }
                      }
                    >
                      <Text
                        numberOfLines={2}
                        style={
                          {
                            "color": "#000",
                            "flex": 1,
                            "fontFamily": "WorkSans-SemiBold",
                            "fontSize": 22,
                            "fontWeight": "bold",
                            "paddingBottom": 6,
                            "paddingRight": 8,
                          }
                        }
                      >
                        Test Restaurant
                      </Text>
                      <Text
                        style={
                          {
                            "fontFamily": "WorkSans-SemiBold",
                            "fontSize": 22,
                          }
                        }
                      >
                        $$
                      </Text>
                    </View>
                    <View
                      style={
                        {
                          "flexDirection": "row",
                        }
                      }
                    >
                      <Text
                        numberOfLines={1}
                        style={
                          {
                            "color": "rgba(128,128,128, 0.80)",
                            "flex": 1,
                            "fontFamily": "WorkSans-Regular",
                            "paddingRight": 4,
                          }
                        }
                      >
                        Italian, Pizza
                         • 
                      </Text>
                    </View>
                    <View
                      style={
                        {
                          "flexDirection": "row",
                          "marginTop": 4,
                        }
                      }
                    >
                      <View
                        style={
                          {
                            "display": "flex",
                            "flexDirection": "row",
                          }
                        }
                      >
                        <Text
                          allowFontScaling={false}
                          selectable={false}
                          style={
                            [
                              {
                                "color": undefined,
                                "fontSize": 20,
                              },
                              {
                                "color": "#ffb300",
                              },
                              {
                                "fontFamily": "material",
                                "fontStyle": "normal",
                                "fontWeight": "normal",
                              },
                              {},
                            ]
                          }
                        >
                          
                        </Text>
                        <Text
                          allowFontScaling={false}
                          selectable={false}
                          style={
                            [
                              {
                                "color": undefined,
                                "fontSize": 20,
                              },
                              {
                                "color": "#ffb300",
                              },
                              {
                                "fontFamily": "material",
                                "fontStyle": "normal",
                                "fontWeight": "normal",
                              },
                              {},
                            ]
                          }
                        >
                          
                        </Text>
                        <Text
                          allowFontScaling={false}
                          selectable={false}
                          style={
                            [
                              {
                                "color": undefined,
                                "fontSize": 20,
                              },
                              {
                                "color": "#ffb300",
                              },
                              {
                                "fontFamily": "material",
                                "fontStyle": "normal",
                                "fontWeight": "normal",
                              },
                              {},
                            ]
                          }
                        >
                          
                        </Text>
                        <Text
                          allowFontScaling={false}
                          selectable={false}
                          style={
                            [
                              {
                                "color": undefined,
                                "fontSize": 20,
                              },
                              {
                                "color": "#ffb300",
                              },
                              {
                                "fontFamily": "material",
                                "fontStyle": "normal",
                                "fontWeight": "normal",
                              },
                              {},
                            ]
                          }
                        >
                          
                        </Text>
                        <Text
                          allowFontScaling={false}
                          selectable={false}
                          style={
                            [
                              {
                                "color": undefined,
                                "fontSize": 20,
                              },
                              {
                                "color": "#ffb300",
                              },
                              {
                                "fontFamily": "material",
                                "fontStyle": "normal",
                                "fontWeight": "normal",
                              },
                              {},
                            ]
                          }
                        >
                          
                        </Text>
                      </View>
                      <Text
                        style={
                          {
                            "color": "rgba(128,128,128, 0.80)",
                            "fontFamily": "WorkSans-Regular",
                            "marginLeft": 8,
                          }
                        }
                      >
                        128
                         Reviews
                      </Text>
                    </View>
                  </View>
                  <View
                    accessibilityLabel="View details"
                    accessibilityState={
                      {
                        "busy": undefined,
                        "checked": undefined,
                        "disabled": undefined,
                        "expanded": undefined,
                        "selected": undefined,
                      }
                    }
                    accessibilityValue={
                      {
                        "max": undefined,
                        "min": undefined,
                        "now": undefined,
                        "text": undefined,
                      }
                    }
                    accessible={true}
                    collapsable={false}
                    focusable={true}
                    onBlur={[Function]}
                    onClick={[Function]}
                    onFocus={[Function]}
                    onResponderGrant={[Function]}
                    onResponderMove={[Function]}
                    onResponderRelease={[Function]}
                    onResponderTerminate={[Function]}
                    onResponderTerminationRequest={[Function]}
                    onStartShouldSetResponder={[Function]}
                    style={
                      {
                        "alignItems": "center",
                        "backgroundColor": "transparent",
                        "borderRadius": 24,
                        "bottom": 12,
                        "height": 48,
                        "justifyContent": "center",
                        "position": "absolute",
                        "right": 12,
                        "width": 48,
                      }
                    }
                  >
                    <Text
                      allowFontScaling={false}
                      selectable={false}
                      style={
                        [
                          {
                            "color": "rgba(51,178,73,1)",
                            "fontSize": 28,
                          },
                          undefined,
                          {
                            "fontFamily": "material",
                            "fontStyle": "normal",
                            "fontWeight": "normal",
                          },
                          {},
                        ]
                      }
                    >
                      
                    </Text>
                  </View>
                </View>
              </View>
            </View>
          </View>
        </View>
      </View>
    </View>
  </Modal>
</RNCSafeAreaProvider>
`;
