// Jest Snapshot v1, https://goo.gl/fbAQLP

exports[`renders RestaurantCard correctly 1`] = `
<View
  collapsable={false}
  style={
    {
      "marginHorizontal": 12,
      "marginVertical": 12,
      "opacity": 0,
      "transform": [
        {
          "translateY": 50,
        },
      ],
    }
  }
>
  <View
    accessibilityHint="Flip card to see more details"
    accessibilityRole="button"
    accessible={true}
    style={
      [
        {
          "position": "relative",
        },
        {
          "backgroundColor": "#fff",
          "borderRadius": 16,
          "elevation": 8,
          "shadowColor": "#333",
          "shadowOffset": {
            "height": 4,
            "width": 4,
          },
          "shadowOpacity": 0.3,
          "shadowRadius": 12,
        },
      ]
    }
  >
    <View
      style={
        [
          {
            "height": "100%",
            "position": "absolute",
            "width": "100%",
          },
          {
            "backfaceVisibility": "hidden",
            "opacity": undefined,
            "pointerEvents": "auto",
            "transform": [
              {
                "perspective": 1000,
              },
              {
                "rotateY": "undefineddeg",
              },
            ],
          },
        ]
      }
    >
      <View
        style={
          {
            "borderRadius": 16,
            "overflow": "hidden",
          }
        }
      >
        <View
          style={
            {
              "borderTopLeftRadius": 16,
              "borderTopRightRadius": 16,
              "overflow": "hidden",
            }
          }
        >
          <Image
            resizeMode="cover"
            source={
              {
                "uri": "https://example.com/image.jpg",
              }
            }
            style={
              {
                "height": 363,
                "width": 726,
              }
            }
          />
          <Text
            style={
              {
                "color": "#fff",
                "fontFamily": "WorkSans-SemiBold",
                "fontSize": 22,
                "fontWeight": "bold",
                "left": 0,
                "padding": 16,
                "position": "absolute",
                "textShadowColor": "#000",
                "textShadowOffset": {
                  "height": 0,
                  "width": 0,
                },
                "textShadowRadius": 6,
              }
            }
          >
            1
            .
          </Text>
          <Icon
            color="rgba(51,178,73,1)"
            name="favorite-border"
            size={24}
            style={
              {
                "padding": 16,
                "position": "absolute",
                "right": 0,
              }
            }
          />
        </View>
        <View
          style={
            {
              "paddingHorizontal": 16,
              "paddingVertical": 8,
            }
          }
        >
          <View
            style={
              {
                "flex": 1,
                "flexDirection": "row",
              }
            }
          >
            <Text
              style={
                {
                  "color": "#000",
                  "flex": 1,
                  "fontFamily": "WorkSans-SemiBold",
                  "fontSize": 22,
                  "fontWeight": "bold",
                  "paddingBottom": 6,
                }
              }
            >
              Test Restaurant
            </Text>
            <Text
              style={
                {
                  "fontFamily": "WorkSans-SemiBold",
                  "fontSize": 22,
                }
              }
            >
              $$
            </Text>
          </View>
          <View
            style={
              {
                "flexDirection": "row",
              }
            }
          >
            <Text
              numberOfLines={1}
              style={
                {
                  "color": "rgba(128,128,128, 0.80)",
                  "flex": 1,
                  "fontFamily": "WorkSans-Regular",
                  "paddingRight": 4,
                }
              }
            >
              Italian, Pizza
              <View
                style={
                  {
                    "width": 4,
                  }
                }
              />
              <Icon
                color="rgba(51,178,73,1)"
                name="location-pin"
                size={12}
              />
              San Francisco
            </Text>
          </View>
          <View
            style={
              {
                "flexDirection": "row",
                "marginTop": 4,
              }
            }
          >
            <View
              style={
                {
                  "display": "flex",
                  "flexDirection": "row",
                }
              }
            >
              <MaterialIcons
                name="star"
                size={20}
                style={
                  {
                    "color": "#ffb300",
                  }
                }
              />
              <MaterialIcons
                name="star"
                size={20}
                style={
                  {
                    "color": "#ffb300",
                  }
                }
              />
              <MaterialIcons
                name="star"
                size={20}
                style={
                  {
                    "color": "#ffb300",
                  }
                }
              />
              <MaterialIcons
                name="star"
                size={20}
                style={
                  {
                    "color": "#ffb300",
                  }
                }
              />
              <MaterialIcons
                name="star-half"
                size={20}
                style={
                  {
                    "color": "#ffb300",
                  }
                }
              />
            </View>
            <Text
              style={
                {
                  "color": "rgba(128,128,128, 0.80)",
                  "fontFamily": "WorkSans-Regular",
                  "marginLeft": 8,
                }
              }
            >
              150
               Reviews
            </Text>
          </View>
        </View>
      </View>
    </View>
    <View
      style={
        [
          {
            "height": "100%",
            "position": "absolute",
            "width": "100%",
          },
          {
            "backfaceVisibility": "hidden",
            "opacity": undefined,
            "pointerEvents": "none",
            "transform": [
              {
                "perspective": 1000,
              },
              {
                "rotateY": "undefineddeg",
              },
            ],
          },
        ]
      }
    >
      <View
        style={
          {
            "borderRadius": 16,
            "overflow": "hidden",
          }
        }
      >
        <View
          style={
            {
              "alignItems": "center",
              "backgroundColor": "rgba(51,178,73,1)",
              "flexDirection": "row",
              "justifyContent": "space-between",
              "padding": 16,
            }
          }
        >
          <Text
            style={
              {
                "color": "#fff",
                "flex": 1,
                "fontFamily": "WorkSans-SemiBold",
                "fontSize": 20,
                "fontWeight": "bold",
              }
            }
          >
            Test Restaurant
          </Text>
          <Text
            style={
              {
                "color": "#71C562",
                "fontSize": 18,
                "fontWeight": "bold",
                "textShadowColor": "#000",
                "textShadowOffset": {
                  "height": 0,
                  "width": 0,
                },
                "textShadowRadius": 6,
              }
            }
          >
            Open
          </Text>
        </View>
        <View
          style={
            {
              "alignItems": "center",
              "flexDirection": "row",
              "paddingHorizontal": 16,
              "paddingTop": 12,
            }
          }
        >
          <View
            style={
              {
                "display": "flex",
                "flexDirection": "row",
              }
            }
          >
            <MaterialIcons
              name="star"
              size={20}
              style={
                {
                  "color": "#ffb300",
                }
              }
            />
            <MaterialIcons
              name="star"
              size={20}
              style={
                {
                  "color": "#ffb300",
                }
              }
            />
            <MaterialIcons
              name="star"
              size={20}
              style={
                {
                  "color": "#ffb300",
                }
              }
            />
            <MaterialIcons
              name="star"
              size={20}
              style={
                {
                  "color": "#ffb300",
                }
              }
            />
            <MaterialIcons
              name="star-half"
              size={20}
              style={
                {
                  "color": "#ffb300",
                }
              }
            />
          </View>
          <Text
            style={
              {
                "color": "rgba(128,128,128, 0.80)",
                "fontFamily": "WorkSans-Regular",
                "marginLeft": 8,
              }
            }
          >
            150
             Review
            s
          </Text>
        </View>
        <View
          style={
            {
              "paddingHorizontal": 16,
              "paddingVertical": 12,
            }
          }
        >
          <Text
            style={
              {
                "color": "rgba(128,128,128, 0.80)",
                "fontFamily": "WorkSans-Regular",
                "fontSize": 16,
                "lineHeight": 22,
                "marginBottom": 8,
              }
            }
          >
            <MaterialIcons
              color="rgba(51,178,73,1)"
              name="location-on"
              size={16}
            />
             
            123 Main St, San Francisco, CA 94102
          </Text>
          <Text
            style={
              {
                "color": "rgba(128,128,128, 0.80)",
                "fontFamily": "WorkSans-Regular",
                "fontSize": 16,
                "lineHeight": 22,
                "marginBottom": 8,
              }
            }
          >
            <MaterialIcons
              color="rgba(51,178,73,1)"
              name="phone"
              size={16}
            />
             
            (555) 123-4567
          </Text>
          <Text
            style={
              {
                "color": "rgba(128,128,128, 0.80)",
                "fontFamily": "WorkSans-Regular",
                "fontSize": 16,
                "lineHeight": 22,
                "marginBottom": 8,
              }
            }
          >
            <MaterialIcons
              color="rgba(51,178,73,1)"
              name="category"
              size={16}
            />
             
            Italian, Pizza
          </Text>
        </View>
        <View
          style={
            {
              "flexDirection": "row",
              "justifyContent": "space-around",
              "paddingHorizontal": 16,
              "paddingVertical": 16,
            }
          }
        >
          <View
            accessible={true}
            collapsable={false}
            focusable={true}
            onBlur={[Function]}
            onClick={[Function]}
            onFocus={[Function]}
            onResponderGrant={[Function]}
            onResponderMove={[Function]}
            onResponderRelease={[Function]}
            onResponderTerminate={[Function]}
            onResponderTerminationRequest={[Function]}
            onStartShouldSetResponder={[Function]}
            style={
              [
                {
                  "alignItems": "center",
                  "backgroundColor": "rgba(255, 255, 255, 0.9)",
                  "borderRadius": 36,
                  "elevation": 3,
                  "flexDirection": "row",
                  "fontSize": 30,
                  "padding": 16,
                  "paddingHorizontal": 12,
                  "paddingVertical": 8,
                  "shadowColor": "#333",
                  "shadowOffset": {
                    "height": 4,
                    "width": 0,
                  },
                  "shadowOpacity": 0.2,
                  "shadowRadius": 3,
                },
                {
                  "opacity": 1,
                },
              ]
            }
          >
            <MaterialIcons
              color="rgba(51,178,73,1)"
              name="map"
              size={20}
            />
            <Text
              style={
                {
                  "color": "#000",
                  "fontFamily": "WorkSans-Medium",
                  "fontSize": 14,
                  "marginLeft": 6,
                }
              }
            >
              Maps
            </Text>
          </View>
          <View
            accessible={true}
            collapsable={false}
            focusable={true}
            onBlur={[Function]}
            onClick={[Function]}
            onFocus={[Function]}
            onResponderGrant={[Function]}
            onResponderMove={[Function]}
            onResponderRelease={[Function]}
            onResponderTerminate={[Function]}
            onResponderTerminationRequest={[Function]}
            onStartShouldSetResponder={[Function]}
            style={
              [
                {
                  "alignItems": "center",
                  "backgroundColor": "rgba(255, 255, 255, 0.9)",
                  "borderRadius": 36,
                  "elevation": 3,
                  "flexDirection": "row",
                  "fontSize": 30,
                  "padding": 16,
                  "paddingHorizontal": 12,
                  "paddingVertical": 8,
                  "shadowColor": "#333",
                  "shadowOffset": {
                    "height": 4,
                    "width": 0,
                  },
                  "shadowOpacity": 0.2,
                  "shadowRadius": 3,
                },
                {
                  "opacity": 1,
                },
              ]
            }
          >
            <FontAwesome
              color="#c41200"
              name="yelp"
              size={20}
            />
            <Text
              style={
                {
                  "color": "#000",
                  "fontFamily": "WorkSans-Medium",
                  "fontSize": 14,
                  "marginLeft": 6,
                }
              }
            >
              Yelp
            </Text>
          </View>
          <View
            accessible={true}
            collapsable={false}
            focusable={true}
            onBlur={[Function]}
            onClick={[Function]}
            onFocus={[Function]}
            onResponderGrant={[Function]}
            onResponderMove={[Function]}
            onResponderRelease={[Function]}
            onResponderTerminate={[Function]}
            onResponderTerminationRequest={[Function]}
            onStartShouldSetResponder={[Function]}
            style={
              [
                {
                  "alignItems": "center",
                  "backgroundColor": "rgba(255, 255, 255, 0.9)",
                  "borderRadius": 36,
                  "elevation": 3,
                  "flexDirection": "row",
                  "fontSize": 30,
                  "padding": 16,
                  "paddingHorizontal": 12,
                  "paddingVertical": 8,
                  "shadowColor": "#333",
                  "shadowOffset": {
                    "height": 4,
                    "width": 0,
                  },
                  "shadowOpacity": 0.2,
                  "shadowRadius": 3,
                },
                {
                  "opacity": 1,
                },
              ]
            }
          >
            <MaterialIcons
              color="#71C562"
              name="phone-in-talk"
              size={20}
            />
            <Text
              style={
                {
                  "color": "#000",
                  "fontFamily": "WorkSans-Medium",
                  "fontSize": 14,
                  "marginLeft": 6,
                }
              }
            >
              Call
            </Text>
          </View>
        </View>
      </View>
    </View>
    <View
      style={
        {
          "opacity": 0,
        }
      }
    >
      <View
        style={
          {
            "borderRadius": 16,
            "overflow": "hidden",
          }
        }
      >
        <View
          style={
            {
              "borderTopLeftRadius": 16,
              "borderTopRightRadius": 16,
              "overflow": "hidden",
            }
          }
        >
          <Image
            resizeMode="cover"
            source={
              {
                "uri": "https://example.com/image.jpg",
              }
            }
            style={
              {
                "height": 363,
                "width": 726,
              }
            }
          />
          <Text
            style={
              {
                "color": "#fff",
                "fontFamily": "WorkSans-SemiBold",
                "fontSize": 22,
                "fontWeight": "bold",
                "left": 0,
                "padding": 16,
                "position": "absolute",
                "textShadowColor": "#000",
                "textShadowOffset": {
                  "height": 0,
                  "width": 0,
                },
                "textShadowRadius": 6,
              }
            }
          >
            1
            .
          </Text>
          <Icon
            color="rgba(51,178,73,1)"
            name="favorite-border"
            size={24}
            style={
              {
                "padding": 16,
                "position": "absolute",
                "right": 0,
              }
            }
          />
        </View>
        <View
          style={
            {
              "paddingHorizontal": 16,
              "paddingVertical": 8,
            }
          }
        >
          <View
            style={
              {
                "flex": 1,
                "flexDirection": "row",
              }
            }
          >
            <Text
              style={
                {
                  "color": "#000",
                  "flex": 1,
                  "fontFamily": "WorkSans-SemiBold",
                  "fontSize": 22,
                  "fontWeight": "bold",
                  "paddingBottom": 6,
                }
              }
            >
              Test Restaurant
            </Text>
            <Text
              style={
                {
                  "fontFamily": "WorkSans-SemiBold",
                  "fontSize": 22,
                }
              }
            >
              $$
            </Text>
          </View>
          <View
            style={
              {
                "flexDirection": "row",
              }
            }
          >
            <Text
              numberOfLines={1}
              style={
                {
                  "color": "rgba(128,128,128, 0.80)",
                  "flex": 1,
                  "fontFamily": "WorkSans-Regular",
                  "paddingRight": 4,
                }
              }
            >
              Italian, Pizza
              <View
                style={
                  {
                    "width": 4,
                  }
                }
              />
              <Icon
                color="rgba(51,178,73,1)"
                name="location-pin"
                size={12}
              />
              San Francisco
            </Text>
          </View>
          <View
            style={
              {
                "flexDirection": "row",
                "marginTop": 4,
              }
            }
          >
            <View
              style={
                {
                  "display": "flex",
                  "flexDirection": "row",
                }
              }
            >
              <MaterialIcons
                name="star"
                size={20}
                style={
                  {
                    "color": "#ffb300",
                  }
                }
              />
              <MaterialIcons
                name="star"
                size={20}
                style={
                  {
                    "color": "#ffb300",
                  }
                }
              />
              <MaterialIcons
                name="star"
                size={20}
                style={
                  {
                    "color": "#ffb300",
                  }
                }
              />
              <MaterialIcons
                name="star"
                size={20}
                style={
                  {
                    "color": "#ffb300",
                  }
                }
              />
              <MaterialIcons
                name="star-half"
                size={20}
                style={
                  {
                    "color": "#ffb300",
                  }
                }
              />
            </View>
            <Text
              style={
                {
                  "color": "rgba(128,128,128, 0.80)",
                  "fontFamily": "WorkSans-Regular",
                  "marginLeft": 8,
                }
              }
            >
              150
               Reviews
            </Text>
          </View>
        </View>
      </View>
    </View>
  </View>
</View>
`;
